[debug] [2026-06-03T11:51:09.611Z] ----------------------------------------------------------------------
[debug] [2026-06-03T11:51:09.613Z] Command:       C:\Users\adler\AppData\Local\nvs\default\node.exe C:\Users\adler\AppData\Local\nvs\default\node_modules\firebase-tools\lib\bin\firebase.js functions:shell
[debug] [2026-06-03T11:51:09.613Z] CLI Version:   15.12.0
[debug] [2026-06-03T11:51:09.613Z] Platform:      win32
[debug] [2026-06-03T11:51:09.613Z] Node Version:  v22.16.0
[debug] [2026-06-03T11:51:09.613Z] Time:          Wed Jun 03 2026 08:51:09 GMT-0300 (Horário Padrão de Brasília)
[debug] [2026-06-03T11:51:09.613Z] ----------------------------------------------------------------------
[debug] 
[debug] [2026-06-03T11:51:10.551Z] > command requires scopes: ["email","openid","https://www.googleapis.com/auth/cloudplatformprojects.readonly","https://www.googleapis.com/auth/firebase","https://www.googleapis.com/auth/cloud-platform"]
[debug] [2026-06-03T11:51:10.552Z] > authorizing via signed-in user (adlercoelhosantos12@gmail.com)
[debug] [2026-06-03T11:51:10.552Z] [iam] checking project meu-cofrin for permissions ["firebase.projects.get"]
[debug] [2026-06-03T11:51:10.553Z] Checked if tokens are valid: true, expires at: 1780488524784
[debug] [2026-06-03T11:51:10.553Z] Checked if tokens are valid: true, expires at: 1780488524784
[debug] [2026-06-03T11:51:10.553Z] >>> [apiv2][query] POST https://cloudresourcemanager.googleapis.com/v1/projects/meu-cofrin:testIamPermissions [none]
[debug] [2026-06-03T11:51:10.553Z] >>> [apiv2][(partial)header] POST https://cloudresourcemanager.googleapis.com/v1/projects/meu-cofrin:testIamPermissions  x-goog-user-project=meu-cofrin
[debug] [2026-06-03T11:51:10.553Z] >>> [apiv2][body] POST https://cloudresourcemanager.googleapis.com/v1/projects/meu-cofrin:testIamPermissions {"permissions":["firebase.projects.get"]}
[debug] [2026-06-03T11:51:11.406Z] <<< [apiv2][status] POST https://cloudresourcemanager.googleapis.com/v1/projects/meu-cofrin:testIamPermissions 200
[debug] [2026-06-03T11:51:11.406Z] <<< [apiv2][body] POST https://cloudresourcemanager.googleapis.com/v1/projects/meu-cofrin:testIamPermissions {"permissions":["firebase.projects.get"]}
[debug] [2026-06-03T11:51:11.409Z] [functions] Functions Emulator only supports listening on one address (127.0.0.1). Not listening on ::1
[debug] [2026-06-03T11:51:11.418Z] defaultcredentials: writing to file C:\Users\adler\AppData\Roaming\firebase\adlercoelhosantos12_gmail_com_application_default_credentials.json
[debug] [2026-06-03T11:51:11.419Z] DEBUG: Setting GAC to C:\Users\adler\AppData\Roaming\firebase\adlercoelhosantos12_gmail_com_application_default_credentials.json
[debug] [2026-06-03T11:51:11.419Z] Checked if tokens are valid: true, expires at: 1780488524784
[debug] [2026-06-03T11:51:11.419Z] Checked if tokens are valid: true, expires at: 1780488524784
[debug] [2026-06-03T11:51:11.419Z] >>> [apiv2][query] GET https://firebase.googleapis.com/v1beta1/projects/meu-cofrin/adminSdkConfig [none]
[debug] [2026-06-03T11:51:11.872Z] <<< [apiv2][status] GET https://firebase.googleapis.com/v1beta1/projects/meu-cofrin/adminSdkConfig 200
[debug] [2026-06-03T11:51:11.873Z] <<< [apiv2][body] GET https://firebase.googleapis.com/v1beta1/projects/meu-cofrin/adminSdkConfig {"projectId":"meu-cofrin","storageBucket":"meu-cofrin.firebasestorage.app"}
[debug] [2026-06-03T11:51:11.880Z] [functions] Watching "C:\Users\adler\OneDrive\Documentos\GitHub\meu-cofrin\functions" for Cloud Functions...
[debug] [2026-06-03T11:51:11.881Z] Validating nodejs source
[warn] !  functions: package.json indicates an outdated version of firebase-functions. Please upgrade using npm install --save firebase-functions@latest in your functions directory. 
[warn] !  functions: Please note that there will be breaking changes when you upgrade. 
[debug] [2026-06-03T11:51:12.455Z] > [functions] package.json contents: {
  "name": "functions",
  "scripts": {
    "lint": "eslint --ext .js,.ts .",
    "build": "tsc",
    "build:watch": "tsc --watch",
    "serve": "npm run build && firebase emulators:start --only functions",
    "shell": "npm run build && firebase functions:shell",
    "start": "npm run shell",
    "deploy": "firebase deploy --only functions",
    "logs": "firebase functions:log"
  },
  "engines": {
    "node": "22"
  },
  "main": "lib/index.js",
  "dependencies": {
    "firebase-admin": "^12.1.0",
    "firebase-functions": "^5.0.0"
  },
  "devDependencies": {
    "typescript": "^4.9.0",
    "eslint": "^8.9.0"
  },
  "private": true
}
[debug] [2026-06-03T11:51:12.455Z] Building nodejs source
[debug] [2026-06-03T11:51:12.455Z] Failed to find version of module node: reached end of search path C:\Users\adler\OneDrive\Documentos\GitHub\meu-cofrin\functions\node_modules
[info] +  functions: Using node@22 from host. 
[debug] [2026-06-03T11:51:12.456Z] Could not find functions.yaml. Must use http discovery
[debug] [2026-06-03T11:51:12.462Z] Found firebase-functions binary at 'C:\Users\adler\OneDrive\Documentos\GitHub\meu-cofrin\functions\node_modules\.bin\firebase-functions'
[info] Serving at port 8620

[debug] [2026-06-03T11:51:12.663Z] Got response from /__/functions.yaml {"endpoints":{"notificarContasVencendo":{"availableMemoryMb":null,"timeoutSeconds":null,"minInstances":null,"maxInstances":null,"ingressSettings":null,"concurrency":null,"serviceAccountEmail":null,"vpc":null,"platform":"gcfv2","labels":{},"scheduleTrigger":{"schedule":"0 11 * * *","retryConfig":{},"timeZone":"America/Sao_Paulo"},"entryPoint":"notificarContasVencendo"}},"specVersion":"v1alpha1","requiredAPIs":[{"api":"cloudscheduler.googleapis.com","reason":"Needed for scheduled functions."}],"extensions":{}}
[debug] [2026-06-03T11:51:16.684Z] [functions] Loaded functions definitions from source: notificarContasVencendo.
[debug] [2026-06-03T11:51:16.684Z] [functions[us-central1-notificarContasVencendo]] function ignored because the pubsub emulator does not exist or is not running.
[info] i  functions: Loaded functions: notificarContasVencendo 
[warn] !  functions: The following emulators are not running, calls to these services will affect production: firestore, database, pubsub, storage, eventarc, tasks 
[debug] [2026-06-03T11:51:20.969Z] shell:notificarContasVencendo: trigger={"entryPoint":"notificarContasVencendo","platform":"gcfv2","region":"us-central1","name":"notificarContasVencendo","id":"us-central1-notificarContasVencendo","codebase":"default","availableMemoryMb":256,"labels":{"EVENTARC_CLOUD_EVENT_SOURCE":"run-emulated.googleapis.com/projects/meu-cofrin/locations/us-central1/services/notificarContasVencendo"},"timeoutSeconds":60,"secretEnvironmentVariables":[],"eventTrigger":{"eventType":"pubsub","resource":""},"schedule":{"schedule":"0 11 * * *","timeZone":"America/Sao_Paulo","retryConfig":{}}}
[debug] [2026-06-03T11:51:20.969Z] shell:notificarContasVencendo: opts={}, data={}
[debug] [2026-06-03T11:51:20.981Z] DEBUG: [worker-pool] addWorker(us-central1-notificarContasVencendo)
[debug] [2026-06-03T11:51:20.982Z] DEBUG: [worker-pool] Adding worker with key us-central1-notificarContasVencendo, total=1
[debug] [2026-06-03T11:51:21.679Z] DEBUG: [runtime-status] [25500] Resolved module firebase-admin {"declared":true,"installed":true,"version":"12.7.0","resolution":"C:\\Users\\adler\\OneDrive\\Documentos\\GitHub\\meu-cofrin\\functions\\node_modules\\firebase-admin\\lib\\index.js"}
[debug] [2026-06-03T11:51:21.679Z] DEBUG: [runtime-status] [25500] Resolved module firebase-functions {"declared":true,"installed":true,"version":"5.1.1","resolution":"C:\\Users\\adler\\OneDrive\\Documentos\\GitHub\\meu-cofrin\\functions\\node_modules\\firebase-functions\\lib\\v1\\index.js"}
[debug] [2026-06-03T11:51:21.680Z] DEBUG: [runtime-status] [25500] Outgoing network have been stubbed. [{"name":"http","status":"mocked"},{"name":"http","status":"mocked"},{"name":"https","status":"mocked"},{"name":"https","status":"mocked"},{"name":"net","status":"mocked"}]
[debug] [2026-06-03T11:51:21.680Z] DEBUG: [runtime-status] [25500] Resolved module firebase-functions {"declared":true,"installed":true,"version":"5.1.1","resolution":"C:\\Users\\adler\\OneDrive\\Documentos\\GitHub\\meu-cofrin\\functions\\node_modules\\firebase-functions\\lib\\v1\\index.js"}
[debug] [2026-06-03T11:51:21.818Z] DEBUG: [runtime-status] [25500] Resolved module firebase-admin {"declared":true,"installed":true,"version":"12.7.0","resolution":"C:\\Users\\adler\\OneDrive\\Documentos\\GitHub\\meu-cofrin\\functions\\node_modules\\firebase-admin\\lib\\index.js"}
[debug] [2026-06-03T11:51:21.820Z] DEBUG: [runtime-status] [25500] Resolved module firebase-functions {"declared":true,"installed":true,"version":"5.1.1","resolution":"C:\\Users\\adler\\OneDrive\\Documentos\\GitHub\\meu-cofrin\\functions\\node_modules\\firebase-functions\\lib\\v1\\index.js"}
[debug] [2026-06-03T11:51:21.924Z] DEBUG: [runtime-status] [25500] firebase-admin has been stubbed. {"adminResolution":{"declared":true,"installed":true,"version":"12.7.0","resolution":"C:\\Users\\adler\\OneDrive\\Documentos\\GitHub\\meu-cofrin\\functions\\node_modules\\firebase-admin\\lib\\index.js"}}
[debug] [2026-06-03T11:51:21.928Z] DEBUG: [runtime-status] [25500] initializeApp(DEFAULT) {"storageBucket":"meu-cofrin.firebasestorage.app","projectId":"meu-cofrin"}
[debug] [2026-06-03T11:51:21.932Z] DEBUG: [runtime-status] [25500] Functions runtime initialized. {"cwd":"C:\\Users\\adler\\OneDrive\\Documentos\\GitHub\\meu-cofrin\\functions","node_version":"22.16.0"}
[debug] [2026-06-03T11:51:21.932Z] DEBUG: [runtime-status] [25500] Listening to port: \\?\pipe\fire_emu_cec87618bcbd8d9b
[debug] [2026-06-03T11:51:21.960Z] DEBUG: [worker-us-central1-notificarContasVencendo-0c4292b4-e8e1-4148-a9c7-6aa03f78d62e]: IDLE
[warn] !  functions: The Cloud Firestore emulator is not running, so calls to Firestore will affect production. {"metadata":{"emulator":{"name":"functions"},"function":{"name":"us-central1-notificarContasVencendo"},"extension":{},"message":"The Cloud Firestore emulator is not running, so calls to Firestore will affect production."}}
[warn] !  Google API requested!
   - URL: "https://oauth2.googleapis.com/token"
   - Be careful, this may be a production service. {"metadata":{"emulator":{"name":"functions"},"function":{"name":"us-central1-notificarContasVencendo"},"extension":{},"message":"Google API requested!\n   - URL: \"https://oauth2.googleapis.com/token\"\n   - Be careful, this may be a production service."}}
[info] >  {"severity":"INFO","message":"Conta: Teste notificação"} {"user":{"severity":"INFO","message":"Conta: Teste notificação"},"metadata":{"emulator":{"name":"functions"},"function":{"name":"us-central1-notificarContasVencendo"},"extension":{},"message":"\u001b[90m> \u001b[39m {\"severity\":\"INFO\",\"message\":\"Conta: Teste notificação\"}"}}
[info] >  {"severity":"INFO","message":"User ID: CIcXBzimArUmXX0zsawodtzDszs2"} {"user":{"severity":"INFO","message":"User ID: CIcXBzimArUmXX0zsawodtzDszs2"},"metadata":{"emulator":{"name":"functions"},"function":{"name":"us-central1-notificarContasVencendo"},"extension":{},"message":"\u001b[90m> \u001b[39m {\"severity\":\"INFO\",\"message\":\"User ID: CIcXBzimArUmXX0zsawodtzDszs2\"}"}}
[info] >  {"severity":"INFO","message":"Tokens encontrados: 1"} {"user":{"severity":"INFO","message":"Tokens encontrados: 1"},"metadata":{"emulator":{"name":"functions"},"function":{"name":"us-central1-notificarContasVencendo"},"extension":{},"message":"\u001b[90m> \u001b[39m {\"severity\":\"INFO\",\"message\":\"Tokens encontrados: 1\"}"}}
[info] >  {"severity":"INFO","message":"UserData: [object Object]"} {"user":{"severity":"INFO","message":"UserData: [object Object]"},"metadata":{"emulator":{"name":"functions"},"function":{"name":"us-central1-notificarContasVencendo"},"extension":{},"message":"\u001b[90m> \u001b[39m {\"severity\":\"INFO\",\"message\":\"UserData: [object Object]\"}"}}
[info] >  {"severity":"INFO","message":"fcmTokens.length: 1"} {"user":{"severity":"INFO","message":"fcmTokens.length: 1"},"metadata":{"emulator":{"name":"functions"},"function":{"name":"us-central1-notificarContasVencendo"},"extension":{},"message":"\u001b[90m> \u001b[39m {\"severity\":\"INFO\",\"message\":\"fcmTokens.length: 1\"}"}}
[info] >  {"severity":"ERROR","message":"Falha ao enviar para o token BLG5yJCaAx0PVyk0V3SujWOJEq3HxVPGtBLd7qNU_Gd0ZgtSDNg1zZeoY624qXg6Ho9XpP6xYbPtVmwyktyibzY: FirebaseMessagingError: The registration token is not a valid FCM registration token\n    at FirebaseMessagingError.fromServerError (C:\\Users\\adler\\OneDrive\\Documentos\\GitHub\\meu-cofrin\\functions\\node_modules\\firebase-admin\\lib\\utils\\error.js:269:16)\n    at createFirebaseError (C:\\Users\\adler\\OneDrive\\Documentos\\GitHub\\meu-cofrin\\functions\\node_modules\\firebase-admin\\lib\\messaging\\messaging-errors-internal.js:35:47)\n    at FirebaseMessagingRequestHandler.buildSendResponseFromError (C:\\Users\\adler\\OneDrive\\Documentos\\GitHub\\meu-cofrin\\functions\\node_modules\\firebase-admin\\lib\\messaging\\messaging-api-request-internal.js:186:72)\n    at C:\\Users\\adler\\OneDrive\\Documentos\\GitHub\\meu-cofrin\\functions\\node_modules\\firebase-admin\\lib\\messaging\\messaging-api-request-internal.js:137:29\n    at process.processTicksAndRejections (node:internal/process/task_queues:105:5)\n    at async Promise.allSettled (index 0)\n    at async C:\\Users\\adler\\OneDrive\\Documentos\\GitHub\\meu-cofrin\\functions\\lib\\index.js:71:31\n    at async httpFunc (C:\\Users\\adler\\OneDrive\\Documentos\\GitHub\\meu-cofrin\\functions\\node_modules\\firebase-functions\\lib\\v2\\providers\\scheduler.js:68:13)\n    at async runFunction (C:\\Users\\adler\\AppData\\Local\\nvs\\node\\22.16.0\\x64\\node_modules\\firebase-tools\\lib\\emulator\\functionsEmulatorRuntime.js:399:9)\n    at async runHTTPS (C:\\Users\\adler\\AppData\\Local\\nvs\\node\\22.16.0\\x64\\node_modules\\firebase-tools\\lib\\emulator\\functionsEmulatorRuntime.js:424:5) {\n  errorInfo: {\n    code: 'messaging/invalid-argument',\n    message: 'The registration token is not a valid FCM registration token'\n  },\n  codePrefix: 'messaging'\n}"} {"user":{"severity":"ERROR","message":"Falha ao enviar para o token BLG5yJCaAx0PVyk0V3SujWOJEq3HxVPGtBLd7qNU_Gd0ZgtSDNg1zZeoY624qXg6Ho9XpP6xYbPtVmwyktyibzY: FirebaseMessagingError: The registration token is not a valid FCM registration token\n    at FirebaseMessagingError.fromServerError (C:\\Users\\adler\\OneDrive\\Documentos\\GitHub\\meu-cofrin\\functions\\node_modules\\firebase-admin\\lib\\utils\\error.js:269:16)\n    at createFirebaseError (C:\\Users\\adler\\OneDrive\\Documentos\\GitHub\\meu-cofrin\\functions\\node_modules\\firebase-admin\\lib\\messaging\\messaging-errors-internal.js:35:47)\n    at FirebaseMessagingRequestHandler.buildSendResponseFromError (C:\\Users\\adler\\OneDrive\\Documentos\\GitHub\\meu-cofrin\\functions\\node_modules\\firebase-admin\\lib\\messaging\\messaging-api-request-internal.js:186:72)\n    at C:\\Users\\adler\\OneDrive\\Documentos\\GitHub\\meu-cofrin\\functions\\node_modules\\firebase-admin\\lib\\messaging\\messaging-api-request-internal.js:137:29\n    at process.processTicksAndRejections (node:internal/process/task_queues:105:5)\n    at async Promise.allSettled (index 0)\n    at async C:\\Users\\adler\\OneDrive\\Documentos\\GitHub\\meu-cofrin\\functions\\lib\\index.js:71:31\n    at async httpFunc (C:\\Users\\adler\\OneDrive\\Documentos\\GitHub\\meu-cofrin\\functions\\node_modules\\firebase-functions\\lib\\v2\\providers\\scheduler.js:68:13)\n    at async runFunction (C:\\Users\\adler\\AppData\\Local\\nvs\\node\\22.16.0\\x64\\node_modules\\firebase-tools\\lib\\emulator\\functionsEmulatorRuntime.js:399:9)\n    at async runHTTPS (C:\\Users\\adler\\AppData\\Local\\nvs\\node\\22.16.0\\x64\\node_modules\\firebase-tools\\lib\\emulator\\functionsEmulatorRuntime.js:424:5) {\n  errorInfo: {\n    code: 'messaging/invalid-argument',\n    message: 'The registration token is not a valid FCM registration token'\n  },\n  codePrefix: 'messaging'\n}"},"metadata":{"emulator":{"name":"functions"},"function":{"name":"us-central1-notificarContasVencendo"},"extension":{},"message":"\u001b[90m> \u001b[39m {\"severity\":\"ERROR\",\"message\":\"Falha ao enviar para o token BLG5yJCaAx0PVyk0V3SujWOJEq3HxVPGtBLd7qNU_Gd0ZgtSDNg1zZeoY624qXg6Ho9XpP6xYbPtVmwyktyibzY: FirebaseMessagingError: The registration token is not a valid FCM registration token\\n    at FirebaseMessagingError.fromServerError (C:\\\\Users\\\\adler\\\\OneDrive\\\\Documentos\\\\GitHub\\\\meu-cofrin\\\\functions\\\\node_modules\\\\firebase-admin\\\\lib\\\\utils\\\\error.js:269:16)\\n    at createFirebaseError (C:\\\\Users\\\\adler\\\\OneDrive\\\\Documentos\\\\GitHub\\\\meu-cofrin\\\\functions\\\\node_modules\\\\firebase-admin\\\\lib\\\\messaging\\\\messaging-errors-internal.js:35:47)\\n    at FirebaseMessagingRequestHandler.buildSendResponseFromError (C:\\\\Users\\\\adler\\\\OneDrive\\\\Documentos\\\\GitHub\\\\meu-cofrin\\\\functions\\\\node_modules\\\\firebase-admin\\\\lib\\\\messaging\\\\messaging-api-request-internal.js:186:72)\\n    at C:\\\\Users\\\\adler\\\\OneDrive\\\\Documentos\\\\GitHub\\\\meu-cofrin\\\\functions\\\\node_modules\\\\firebase-admin\\\\lib\\\\messaging\\\\messaging-api-request-internal.js:137:29\\n    at process.processTicksAndRejections (node:internal/process/task_queues:105:5)\\n    at async Promise.allSettled (index 0)\\n    at async C:\\\\Users\\\\adler\\\\OneDrive\\\\Documentos\\\\GitHub\\\\meu-cofrin\\\\functions\\\\lib\\\\index.js:71:31\\n    at async httpFunc (C:\\\\Users\\\\adler\\\\OneDrive\\\\Documentos\\\\GitHub\\\\meu-cofrin\\\\functions\\\\node_modules\\\\firebase-functions\\\\lib\\\\v2\\\\providers\\\\scheduler.js:68:13)\\n    at async runFunction (C:\\\\Users\\\\adler\\\\AppData\\\\Local\\\\nvs\\\\node\\\\22.16.0\\\\x64\\\\node_modules\\\\firebase-tools\\\\lib\\\\emulator\\\\functionsEmulatorRuntime.js:399:9)\\n    at async runHTTPS (C:\\\\Users\\\\adler\\\\AppData\\\\Local\\\\nvs\\\\node\\\\22.16.0\\\\x64\\\\node_modules\\\\firebase-tools\\\\lib\\\\emulator\\\\functionsEmulatorRuntime.js:424:5) {\\n  errorInfo: {\\n    code: 'messaging/invalid-argument',\\n    message: 'The registration token is not a valid FCM registration token'\\n  },\\n  codePrefix: 'messaging'\\n}\"}"}}
[info] >  {"severity":"INFO","message":"Notificações enviadas: 0 sucessos, 1 falhas."} {"user":{"severity":"INFO","message":"Notificações enviadas: 0 sucessos, 1 falhas."},"metadata":{"emulator":{"name":"functions"},"function":{"name":"us-central1-notificarContasVencendo"},"extension":{},"message":"\u001b[90m> \u001b[39m {\"severity\":\"INFO\",\"message\":\"Notificações enviadas: 0 sucessos, 1 falhas.\"}"}}
